Archive member included to satisfy reference by file (symbol)

C:/ST/STM32CubeIDE_1.15.1/STM32CubeIDE/plugins/com.st.stm32cube.ide.mcu.externaltools.gnu-tools-for-stm32.12.3.rel1.win32_1.0.100.202403111256/tools/bin/../lib/gcc/arm-none-eabi/12.3.1/../../../../arm-none-eabi/lib/thumb/v7e-m+fp/hard\libc_nano.a(libc_a-exit.o)
                              C:/ST/STM32CubeIDE_1.15.1/STM32CubeIDE/plugins/com.st.stm32cube.ide.mcu.externaltools.gnu-tools-for-stm32.12.3.rel1.win32_1.0.100.202403111256/tools/bin/../lib/gcc/arm-none-eabi/12.3.1/../../../../arm-none-eabi/lib/thumb/v7e-m+fp/hard/crt0.o (exit)
C:/ST/STM32CubeIDE_1.15.1/STM32CubeIDE/plugins/com.st.stm32cube.ide.mcu.externaltools.gnu-tools-for-stm32.12.3.rel1.win32_1.0.100.202403111256/tools/bin/../lib/gcc/arm-none-eabi/12.3.1/../../../../arm-none-eabi/lib/thumb/v7e-m+fp/hard\libc_nano.a(libc_a-findfp.o)
                              C:/ST/STM32CubeIDE_1.15.1/STM32CubeIDE/plugins/com.st.stm32cube.ide.mcu.externaltools.gnu-tools-for-stm32.12.3.rel1.win32_1.0.100.202403111256/tools/bin/../lib/gcc/arm-none-eabi/12.3.1/../../../../arm-none-eabi/lib/thumb/v7e-m+fp/hard\libc_nano.a(libc_a-exit.o) (__stdio_exit_handler)
C:/ST/STM32CubeIDE_1.15.1/STM32CubeIDE/plugins/com.st.stm32cube.ide.mcu.externaltools.gnu-tools-for-stm32.12.3.rel1.win32_1.0.100.202403111256/tools/bin/../lib/gcc/arm-none-eabi/12.3.1/../../../../arm-none-eabi/lib/thumb/v7e-m+fp/hard\libc_nano.a(libc_a-fwalk.o)
                              C:/ST/STM32CubeIDE_1.15.1/STM32CubeIDE/plugins/com.st.stm32cube.ide.mcu.externaltools.gnu-tools-for-stm32.12.3.rel1.win32_1.0.100.202403111256/tools/bin/../lib/gcc/arm-none-eabi/12.3.1/../../../../arm-none-eabi/lib/thumb/v7e-m+fp/hard\libc_nano.a(libc_a-findfp.o) (_fwalk_sglue)
C:/ST/STM32CubeIDE_1.15.1/STM32CubeIDE/plugins/com.st.stm32cube.ide.mcu.externaltools.gnu-tools-for-stm32.12.3.rel1.win32_1.0.100.202403111256/tools/bin/../lib/gcc/arm-none-eabi/12.3.1/../../../../arm-none-eabi/lib/thumb/v7e-m+fp/hard\libc_nano.a(libc_a-stdio.o)
                              C:/ST/STM32CubeIDE_1.15.1/STM32CubeIDE/plugins/com.st.stm32cube.ide.mcu.externaltools.gnu-tools-for-stm32.12.3.rel1.win32_1.0.100.202403111256/tools/bin/../lib/gcc/arm-none-eabi/12.3.1/../../../../arm-none-eabi/lib/thumb/v7e-m+fp/hard\libc_nano.a(libc_a-findfp.o) (__sread)
C:/ST/STM32CubeIDE_1.15.1/STM32CubeIDE/plugins/com.st.stm32cube.ide.mcu.externaltools.gnu-tools-for-stm32.12.3.rel1.win32_1.0.100.202403111256/tools/bin/../lib/gcc/arm-none-eabi/12.3.1/../../../../arm-none-eabi/lib/thumb/v7e-m+fp/hard\libc_nano.a(libc_a-memset.o)
                              C:/ST/STM32CubeIDE_1.15.1/STM32CubeIDE/plugins/com.st.stm32cube.ide.mcu.externaltools.gnu-tools-for-stm32.12.3.rel1.win32_1.0.100.202403111256/tools/bin/../lib/gcc/arm-none-eabi/12.3.1/../../../../arm-none-eabi/lib/thumb/v7e-m+fp/hard/crt0.o (memset)
C:/ST/STM32CubeIDE_1.15.1/STM32CubeIDE/plugins/com.st.stm32cube.ide.mcu.externaltools.gnu-tools-for-stm32.12.3.rel1.win32_1.0.100.202403111256/tools/bin/../lib/gcc/arm-none-eabi/12.3.1/../../../../arm-none-eabi/lib/thumb/v7e-m+fp/hard\libc_nano.a(libc_a-closer.o)
                              C:/ST/STM32CubeIDE_1.15.1/STM32CubeIDE/plugins/com.st.stm32cube.ide.mcu.externaltools.gnu-tools-for-stm32.12.3.rel1.win32_1.0.100.202403111256/tools/bin/../lib/gcc/arm-none-eabi/12.3.1/../../../../arm-none-eabi/lib/thumb/v7e-m+fp/hard\libc_nano.a(libc_a-stdio.o) (_close_r)
C:/ST/STM32CubeIDE_1.15.1/STM32CubeIDE/plugins/com.st.stm32cube.ide.mcu.externaltools.gnu-tools-for-stm32.12.3.rel1.win32_1.0.100.202403111256/tools/bin/../lib/gcc/arm-none-eabi/12.3.1/../../../../arm-none-eabi/lib/thumb/v7e-m+fp/hard\libc_nano.a(libc_a-reent.o)
                              C:/ST/STM32CubeIDE_1.15.1/STM32CubeIDE/plugins/com.st.stm32cube.ide.mcu.externaltools.gnu-tools-for-stm32.12.3.rel1.win32_1.0.100.202403111256/tools/bin/../lib/gcc/arm-none-eabi/12.3.1/../../../../arm-none-eabi/lib/thumb/v7e-m+fp/hard\libc_nano.a(libc_a-closer.o) (errno)
C:/ST/STM32CubeIDE_1.15.1/STM32CubeIDE/plugins/com.st.stm32cube.ide.mcu.externaltools.gnu-tools-for-stm32.12.3.rel1.win32_1.0.100.202403111256/tools/bin/../lib/gcc/arm-none-eabi/12.3.1/../../../../arm-none-eabi/lib/thumb/v7e-m+fp/hard\libc_nano.a(libc_a-impure.o)
                              C:/ST/STM32CubeIDE_1.15.1/STM32CubeIDE/plugins/com.st.stm32cube.ide.mcu.externaltools.gnu-tools-for-stm32.12.3.rel1.win32_1.0.100.202403111256/tools/bin/../lib/gcc/arm-none-eabi/12.3.1/../../../../arm-none-eabi/lib/thumb/v7e-m+fp/hard\libc_nano.a(libc_a-reent.o) (_impure_ptr)
C:/ST/STM32CubeIDE_1.15.1/STM32CubeIDE/plugins/com.st.stm32cube.ide.mcu.externaltools.gnu-tools-for-stm32.12.3.rel1.win32_1.0.100.202403111256/tools/bin/../lib/gcc/arm-none-eabi/12.3.1/../../../../arm-none-eabi/lib/thumb/v7e-m+fp/hard\libc_nano.a(libc_a-lseekr.o)
[...]
Memory Configuration

Name             Origin             Length             Attributes
RAM              0x20000000         0x00020000         xrw
FLASH            0x08000000         0x00080000         xr
*default*        0x00000000         0xffffffff

Linker script and memory map

LOAD C:/ST/STM32CubeIDE_1.15.1/STM32CubeIDE/plugins/com.st.stm32cube.ide.mcu.externaltools.gnu-tools-for-stm32.12.3.rel1.win32_1.0.100.202403111256/tools/bin/../lib/gcc/arm-none-eabi/12.3.1/thumb/v7e-m+fp/hard/crti.o
LOAD C:/ST/STM32CubeIDE_1.15.1/STM32CubeIDE/plugins/com.st.stm32cube.ide.mcu.externaltools.gnu-tools-for-stm32.12.3.rel1.win32_1.0.100.202403111256/tools/bin/../lib/gcc/arm-none-eabi/12.3.1/thumb/v7e-m+fp/hard/crtbegin.o
LOAD C:/ST/STM32CubeIDE_1.15.1/STM32CubeIDE/plugins/com.st.stm32cube.ide.mcu.externaltools.gnu-tools-for-stm32.12.3.rel1.win32_1.0.100.202403111256/tools/bin/../lib/gcc/arm-none-eabi/12.3.1/../../../../arm-none-eabi/lib/thumb/v7e-m+fp/hard/crt0.o
LOAD ./Src/custom_systick.o
LOAD ./Src/main.o
LOAD ./Src/syscalls.o
LOAD ./Src/sysmem.o
LOAD ./Src/task100_pou.o
LOAD ./Src/task50_pou.o
LOAD ./Src/usart_lib.o
LOAD ./Startup/startup_stm32f411ceux.o
START GROUP
LOAD C:/ST/STM32CubeIDE_1.15.1/STM32CubeIDE/plugins/com.st.stm32cube.ide.mcu.externaltools.gnu-tools-for-stm32.12.3.rel1.win32_1.0.100.202403111256/tools/bin/../lib/gcc/arm-none-eabi/12.3.1/../../../../arm-none-eabi/lib/thumb/v7e-m+fp/hard\libc_nano.a
LOAD C:/ST/STM32CubeIDE_1.15.1/STM32CubeIDE/plugins/com.st.stm32cube.ide.mcu.externaltools.gnu-tools-for-stm32.12.3.rel1.win32_1.0.100.202403111256/tools/bin/../lib/gcc/arm-none-eabi/12.3.1/../../../../arm-none-eabi/lib/thumb/v7e-m+fp/hard\libm.a
END GROUP
START GROUP
LOAD C:/ST/STM32CubeIDE_1.15.1/STM32CubeIDE/plugins/com.st.stm32cube.ide.mcu.externaltools.gnu-tools-for-stm32.12.3.rel1.win32_1.0.100.202403111256/tools/bin/../lib/gcc/arm-none-eabi/12.3.1/thumb/v7e-m+fp/hard\libgcc.a
LOAD C:/ST/STM32CubeIDE_1.15.1/STM32CubeIDE/plugins/com.st.stm32cube.ide.mcu.externaltools.gnu-tools-for-stm32.12.3.rel1.win32_1.0.100.202403111256/tools/bin/../lib/gcc/arm-none-eabi/12.3.1/../../../../arm-none-eabi/lib/thumb/v7e-m+fp/hard\libc_nano.a
END GROUP
START GROUP
LOAD C:/ST/STM32CubeIDE_1.15.1/STM32CubeIDE/plugins/com.st.stm32cube.ide.mcu.externaltools.gnu-tools-for-stm32.12.3.rel1.win32_1.0.100.202403111256/tools/bin/../lib/gcc/arm-none-eabi/12.3.1/thumb/v7e-m+fp/hard\libgcc.a
LOAD C:/ST/STM32CubeIDE_1.15.1/STM32CubeIDE/plugins/com.st.stm32cube.ide.mcu.externaltools.gnu-tools-for-stm32.12.3.rel1.win32_1.0.100.202403111256/tools/bin/../lib/gcc/arm-none-eabi/12.3.1/../../../../arm-none-eabi/lib/thumb/v7e-m+fp/hard\libc_nano.a
LOAD C:/ST/STM32CubeIDE_1.15.1/STM32CubeIDE/plugins/com.st.stm32cube.ide.mcu.externaltools.gnu-tools-for-stm32.12.3.rel1.win32_1.0.100.202403111256/tools/bin/../lib/gcc/arm-none-eabi/12.3.1/../../../../arm-none-eabi/lib/thumb/v7e-m+fp/hard\libnosys.a
END GROUP
START GROUP
LOAD C:/ST/STM32CubeIDE_1.15.1/STM32CubeIDE/plugins/com.st.stm32cube.ide.mcu.externaltools.gnu-tools-for-stm32.12.3.rel1.win32_1.0.100.202403111256/tools/bin/../lib/gcc/arm-none-eabi/12.3.1/thumb/v7e-m+fp/hard\libgcc.a
LOAD C:/ST/STM32CubeIDE_1.15.1/STM32CubeIDE/plugins/com.st.stm32cube.ide.mcu.externaltools.gnu-tools-for-stm32.12.3.rel1.win32_1.0.100.202403111256/tools/bin/../lib/gcc/arm-none-eabi/12.3.1/../../../../arm-none-eabi/lib/thumb/v7e-m+fp/hard\libc_nano.a
LOAD C:/ST/STM32CubeIDE_1.15.1/STM32CubeIDE/plugins/com.st.stm32cube.ide.mcu.externaltools.gnu-tools-for-stm32.12.3.rel1.win32_1.0.100.202403111256/tools/bin/../lib/gcc/arm-none-eabi/12.3.1/../../../../arm-none-eabi/lib/thumb/v7e-m+fp/hard\libnosys.a
END GROUP
LOAD C:/ST/STM32CubeIDE_1.15.1/STM32CubeIDE/plugins/com.st.stm32cube.ide.mcu.externaltools.gnu-tools-for-stm32.12.3.rel1.win32_1.0.100.202403111256/tools/bin/../lib/gcc/arm-none-eabi/12.3.1/thumb/v7e-m+fp/hard/crtend.o
LOAD C:/ST/STM32CubeIDE_1.15.1/STM32CubeIDE/plugins/com.st.stm32cube.ide.mcu.externaltools.gnu-tools-for-stm32.12.3.rel1.win32_1.0.100.202403111256/tools/bin/../lib/gcc/arm-none-eabi/12.3.1/thumb/v7e-m+fp/hard/crtn.o
                0x20020000                        _estack = (ORIGIN (RAM) + LENGTH (RAM))
                0x00000200                        _Min_Heap_Size = 0x200
                0x00000400                        _Min_Stack_Size = 0x400

.isr_vector     0x08000000      0x198
                0x08000000                        . = ALIGN (0x4)
 *(.isr_vector)
 .isr_vector    0x08000000      0x198 ./Startup/startup_stm32f411ceux.o
                0x08000000                g_pfnVectors
                0x08000198                        . = ALIGN (0x4)

.text           0x08000198      0x9c8
                0x08000198                        . = ALIGN (0x4)
 *(.text)
 .text          0x08000198       0x40 C:/ST/STM32CubeIDE_1.15.1/STM32CubeIDE/plugins/com.st.stm32cube.ide.mcu.externaltools.gnu-tools-for-stm32.12.3.rel1.win32_1.0.100.202403111256/tools/bin/../lib/gcc/arm-none-eabi/12.3.1/thumb/v7e-m+fp/hard/crtbegin.o
 *(.text*)
 .text.systick_init
                0x080001d8       0x50 ./Src/custom_systick.o
                0x080001d8                systick_init
 .text.SysTick_Handler
                0x08000228       0xa8 ./Src/custom_systick.o
                0x08000228                SysTick_Handler
 .text.task_50ms
                0x080002d0        0xc ./Src/custom_systick.o
                0x080002d0                task_50ms
 .text.task_100ms
                0x080002dc       0x10 ./Src/custom_systick.o
                0x080002dc                task_100ms
 .text.__NVIC_EnableIRQ
                0x080002ec       0x3c ./Src/main.o
 .text.main     0x08000328       0x50 ./Src/main.o
                0x08000328                main
 .text.isPasswordCorrect
                0x08000378       0x80 ./Src/main.o
                0x08000378                isPasswordCorrect
 .text.application_init
                0x080003f8      0x100 ./Src/main.o
                0x080003f8                application_init
 .text.transmit_over_usart2
                0x080004f8       0x58 ./Src/task100_pou.o
                0x080004f8                transmit_over_usart2
 .text.getData  0x08000550       0x18 ./Src/task100_pou.o
                0x08000550                getData
 .text.utility_t100
                0x08000568       0x30 ./Src/task100_pou.o
                0x08000568                utility_t100
 .text.utility  0x08000598       0x7c ./Src/task50_pou.o
                0x08000598                utility
 .text.usartx_init
                0x08000614       0x34 ./Src/usart_lib.o
                0x08000614                usartx_init
 .text.setDiv   0x08000648       0x26 ./Src/usart_lib.o
                0x08000648                setDiv
 .text.setBaudRate
                0x0800066e       0x24 ./Src/usart_lib.o
                0x0800066e                setBaudRate
 *fill*         0x08000692        0x2 
 .text.transmit_frame
                0x08000694       0xd8 ./Src/usart_lib.o
                0x08000694                transmit_frame
 .text.usart_interrupt_commonHandler
                0x0800076c      0x100 ./Src/usart_lib.o
                0x0800076c                usart_interrupt_commonHandler
 .text.reset_transmit_buffer
                0x0800086c       0x6c ./Src/usart_lib.o
                0x0800086c                reset_transmit_buffer
 .text.read_data_usart
                0x080008d8       0x8c ./Src/usart_lib.o
                0x080008d8                read_data_usart
 .text.read_data_usart_helper
                0x08000964       0xa4 ./Src/usart_lib.o
                0x08000964                read_data_usart_helper
 .text.reset_receive_buffer
                0x08000a08       0x68 ./Src/usart_lib.o
                0x08000a08                reset_receive_buffer
 .text.USART1_IRQHandler
                0x08000a70       0x14 ./Src/usart_lib.o
                0x08000a70                USART1_IRQHandler
 .text.USART2_IRQHandler
                0x08000a84       0x14 ./Src/usart_lib.o
                0x08000a84                USART2_IRQHandler
 .text.USART6_IRQHandler
                0x08000a98       0x14 ./Src/usart_lib.o
                0x08000a98                USART6_IRQHandler
 .text.Reset_Handler
                0x08000aac       0x50 ./Startup/startup_stm32f411ceux.o
                0x08000aac                Reset_Handler
 .text.Default_Handler
                0x08000afc        0x2 ./Startup/startup_stm32f411ceux.o
                0x08000afc                RTC_Alarm_IRQHandler
                0x08000afc                EXTI2_IRQHandler
                0x08000afc                DebugMon_Handler
                0x08000afc                SPI4_IRQHandler
                0x08000afc                TIM1_CC_IRQHandler
                0x08000afc                DMA2_Stream5_IRQHandler
                0x08000afc                HardFault_Handler
                0x08000afc                DMA1_Stream5_IRQHandler
                0x08000afc                PVD_IRQHandler
                0x08000afc                SDIO_IRQHandler
                0x08000afc                TAMP_STAMP_IRQHandler
                0x08000afc                PendSV_Handler
                0x08000afc                NMI_Handler
                0x08000afc                EXTI3_IRQHandler
                0x08000afc                TIM1_UP_TIM10_IRQHandler
                0x08000afc                I2C3_ER_IRQHandler
                0x08000afc                EXTI0_IRQHandler
                0x08000afc                I2C2_EV_IRQHandler
                0x08000afc                DMA1_Stream2_IRQHandler
                0x08000afc                UsageFault_Handler
                0x08000afc                DMA2_Stream2_IRQHandler
                0x08000afc                SPI1_IRQHandler
                0x08000afc                TIM1_BRK_TIM9_IRQHandler
                0x08000afc                DMA2_Stream3_IRQHandler
                0x08000afc                DMA2_Stream0_IRQHandler
                0x08000afc                TIM4_IRQHandler
                0x08000afc                I2C1_EV_IRQHandler
                0x08000afc                DMA1_Stream6_IRQHandler
                0x08000afc                DMA1_Stream1_IRQHandler
                0x08000afc                TIM3_IRQHandler
                0x08000afc                RCC_IRQHandler
                0x08000afc                Default_Handler
                0x08000afc                EXTI15_10_IRQHandler
                0x08000afc                ADC_IRQHandler
                0x08000afc                DMA1_Stream7_IRQHandler
                0x08000afc                SPI5_IRQHandler
                0x08000afc                TIM5_IRQHandler
                0x08000afc                DMA2_Stream7_IRQHandler
                0x08000afc                I2C3_EV_IRQHandler
                0x08000afc                EXTI9_5_IRQHandler
                0x08000afc                RTC_WKUP_IRQHandler
                0x08000afc                SPI2_IRQHandler
                0x08000afc                MemManage_Handler
                0x08000afc                DMA1_Stream0_IRQHandler
                0x08000afc                SVC_Handler
                0x08000afc                EXTI4_IRQHandler
                0x08000afc                WWDG_IRQHandler
                0x08000afc                TIM2_IRQHandler
                0x08000afc                OTG_FS_WKUP_IRQHandler
                0x08000afc                TIM1_TRG_COM_TIM11_IRQHandler
                0x08000afc                EXTI1_IRQHandler
                0x08000afc                I2C2_ER_IRQHandler
                0x08000afc                DMA2_Stream1_IRQHandler
                0x08000afc                FLASH_IRQHandler
                0x08000afc                DMA2_Stream4_IRQHandler
                0x08000afc                BusFault_Handler
                0x08000afc                OTG_FS_IRQHandler
                0x08000afc                SPI3_IRQHandler
                0x08000afc                DMA1_Stream4_IRQHandler
                0x08000afc                I2C1_ER_IRQHandler
                0x08000afc                DMA2_Stream6_IRQHandler
                0x08000afc                DMA1_Stream3_IRQHandler
 *fill*         0x08000afe        0x2 
 .text.__libc_init_array
                0x08000b00       0x48 C:/ST/STM32CubeIDE_1.15.1/STM32CubeIDE/plugins/com.st.stm32cube.ide.mcu.externaltools.gnu-tools-for-stm32.12.3.rel1.win32_1.0.100.202403111256/tools/bin/../lib/gcc/arm-none-eabi/12.3.1/../../../../arm-none-eabi/lib/thumb/v7e-m+fp/hard\libc_nano.a(libc_a-init.o)
                0x08000b00                __libc_init_array
 *(.glue_7)
 .glue_7        0x08000b48        0x0 linker stubs
 *(.glue_7t)
 .glue_7t       0x08000b48        0x0 linker stubs
 *(.eh_frame)
 .eh_frame      0x08000b48        0x0 C:/ST/STM32CubeIDE_1.15.1/STM32CubeIDE/plugins/com.st.stm32cube.ide.mcu.externaltools.gnu-tools-for-stm32.12.3.rel1.win32_1.0.100.202403111256/tools/bin/../lib/gcc/arm-none-eabi/12.3.1/thumb/v7e-m+fp/hard/crtbegin.o
 *(.init)
 .init          0x08000b48        0x4 C:/ST/STM32CubeIDE_1.15.1/STM32CubeIDE/plugins/com.st.stm32cube.ide.mcu.externaltools.gnu-tools-for-stm32.12.3.rel1.win32_1.0.100.202403111256/tools/bin/../lib/gcc/arm-none-eabi/12.3.1/thumb/v7e-m+fp/hard/crti.o
                0x08000b48                _init
 .init          0x08000b4c        0x8 C:/ST/STM32CubeIDE_1.15.1/STM32CubeIDE/plugins/com.st.stm32cube.ide.mcu.externaltools.gnu-tools-for-stm32.12.3.rel1.win32_1.0.100.202403111256/tools/bin/../lib/gcc/arm-none-eabi/12.3.1/thumb/v7e-m+fp/hard/crtn.o
 *(.fini)
 .fini          0x08000b54        0x4 C:/ST/STM32CubeIDE_1.15.1/STM32CubeIDE/plugins/com.st.stm32cube.ide.mcu.externaltools.gnu-tools-for-stm32.12.3.rel1.win32_1.0.100.202403111256/tools/bin/../lib/gcc/arm-none-eabi/12.3.1/thumb/v7e-m+fp/hard/crti.o
                0x08000b54                _fini
 .fini          0x08000b58        0x8 C:/ST/STM32CubeIDE_1.15.1/STM32CubeIDE/plugins/com.st.stm32cube.ide.mcu.externaltools.gnu-tools-for-stm32.12.3.rel1.win32_1.0.100.202403111256/tools/bin/../lib/gcc/arm-none-eabi/12.3.1/thumb/v7e-m+fp/hard/crtn.o
                0x08000b60                        . = ALIGN (0x4)
                0x08000b60                        _etext = .

.vfp11_veneer   0x08000b60        0x0
 .vfp11_veneer  0x08000b60        0x0 linker stubs

.v4_bx          0x08000b60        0x0
 .v4_bx         0x08000b60        0x0 linker stubs

.iplt           0x08000b60        0x0
 .iplt          0x08000b60        0x0 C:/ST/STM32CubeIDE_1.15.1/STM32CubeIDE/plugins/com.st.stm32cube.ide.mcu.externaltools.gnu-tools-for-stm32.12.3.rel1.win32_1.0.100.202403111256/tools/bin/../lib/gcc/arm-none-eabi/12.3.1/thumb/v7e-m+fp/hard/crtbegin.o

.rodata         0x08000b60        0x0
                0x08000b60                        . = ALIGN (0x4)
 *(.rodata)
 *(.rodata*)
                0x08000b60                        . = ALIGN (0x4)

.ARM.extab      0x08000b60        0x0
                0x08000b60                        . = ALIGN (0x4)
 *(.ARM.extab* .gnu.linkonce.armextab.*)
                0x08000b60                        . = ALIGN (0x4)

.ARM            0x08000b60        0x0
                0x08000b60                        . = ALIGN (0x4)
                0x08000b60                        __exidx_start = .
 *(.ARM.exidx*)
                0x08000b60                        __exidx_end = .
                0x08000b60                        . = ALIGN (0x4)

.preinit_array  0x08000b60        0x0
                0x08000b60                        . = ALIGN (0x4)
                0x08000b60                        PROVIDE (__preinit_array_start = .)
 *(.preinit_array*)
                0x08000b60                        PROVIDE (__preinit_array_end = .)
                0x08000b60                        . = ALIGN (0x4)

.init_array     0x08000b60        0x4
                0x08000b60                        . = ALIGN (0x4)
                0x08000b60                        PROVIDE (__init_array_start = .)
 *(SORT_BY_NAME(.init_array.*))
 *(.init_array*)
 .init_array    0x08000b60        0x4 C:/ST/STM32CubeIDE_1.15.1/STM32CubeIDE/plugins/com.st.stm32cube.ide.mcu.externaltools.gnu-tools-for-stm32.12.3.rel1.win32_1.0.100.202403111256/tools/bin/../lib/gcc/arm-none-eabi/12.3.1/thumb/v7e-m+fp/hard/crtbegin.o
                0x08000b64                        PROVIDE (__init_array_end = .)
                0x08000b64                        . = ALIGN (0x4)

.fini_array     0x08000b64        0x4
                0x08000b64                        . = ALIGN (0x4)
                [!provide]                        PROVIDE (__fini_array_start = .)
 *(SORT_BY_NAME(.fini_array.*))
 *(.fini_array*)
 .fini_array    0x08000b64        0x4 C:/ST/STM32CubeIDE_1.15.1/STM32CubeIDE/plugins/com.st.stm32cube.ide.mcu.externaltools.gnu-tools-for-stm32.12.3.rel1.win32_1.0.100.202403111256/tools/bin/../lib/gcc/arm-none-eabi/12.3.1/thumb/v7e-m+fp/hard/crtbegin.o
                [!provide]                        PROVIDE (__fini_array_end = .)
                0x08000b68                        . = ALIGN (0x4)
                0x08000b68                        _sidata = LOADADDR (.data)

.rel.dyn        0x08000b68        0x0
 .rel.iplt      0x08000b68        0x0 C:/ST/STM32CubeIDE_1.15.1/STM32CubeIDE/plugins/com.st.stm32cube.ide.mcu.externaltools.gnu-tools-for-stm32.12.3.rel1.win32_1.0.100.202403111256/tools/bin/../lib/gcc/arm-none-eabi/12.3.1/thumb/v7e-m+fp/hard/crtbegin.o

.data           0x20000000       0x20 load address 0x08000b68
                0x20000000                        . = ALIGN (0x4)
                0x20000000                        _sdata = .
 *(.data)
 *(.data*)
 .data.password
                0x20000000        0xa ./Src/main.o
                0x20000000                password
 .data.task100Counter
                0x2000000a        0x1 ./Src/task100_pou.o
                0x2000000a                task100Counter
 *fill*         0x2000000b        0x1 
 .data.txData   0x2000000c        0xa ./Src/task100_pou.o
                0x2000000c                txData
 *fill*         0x20000016        0x2 
 .data.txData2  0x20000018        0x5 ./Src/task100_pou.o
                0x20000018                txData2
 .data.USART_BUFFERSIZE
                0x2000001d        0x1 ./Src/usart_lib.o
                0x2000001d                USART_BUFFERSIZE
 .data.firstTimeFlag
                0x2000001e        0x1 ./Src/usart_lib.o
                0x2000001e                firstTimeFlag
 *(.RamFunc)
 *(.RamFunc*)
                0x20000020                        . = ALIGN (0x4)
 *fill*         0x2000001f        0x1 
                0x20000020                        _edata = .

.igot.plt       0x20000020        0x0 load address 0x08000b88
 .igot.plt      0x20000020        0x0 C:/ST/STM32CubeIDE_1.15.1/STM32CubeIDE/plugins/com.st.stm32cube.ide.mcu.externaltools.gnu-tools-for-stm32.12.3.rel1.win32_1.0.100.202403111256/tools/bin/../lib/gcc/arm-none-eabi/12.3.1/thumb/v7e-m+fp/hard/crtbegin.o
                0x20000020                        . = ALIGN (0x4)

.bss            0x20000020      0x104 load address 0x08000b88
                0x20000020                        _sbss = .
                0x20000020                        __bss_start__ = _sbss
 *(.bss)
 .bss           0x20000020       0x1c C:/ST/STM32CubeIDE_1.15.1/STM32CubeIDE/plugins/com.st.stm32cube.ide.mcu.externaltools.gnu-tools-for-stm32.12.3.rel1.win32_1.0.100.202403111256/tools/bin/../lib/gcc/arm-none-eabi/12.3.1/thumb/v7e-m+fp/hard/crtbegin.o
 *(.bss*)
 .bss.timingCounter
                0x2000003c        0x1 ./Src/custom_systick.o
                0x2000003c                timingCounter
 .bss.task50msFlag
                0x2000003d        0x1 ./Src/custom_systick.o
                0x2000003d                task50msFlag
 .bss.task100msFlag
                0x2000003e        0x1 ./Src/custom_systick.o
                0x2000003e                task100msFlag
 *fill*         0x2000003f        0x1 
 .bss.data      0x20000040        0x4 ./Src/main.o
                0x20000040                data
 .bss.usartData
                0x20000044        0x4 ./Src/task100_pou.o
                0x20000044                usartData
 .bss.task50Counter
                0x20000048        0x1 ./Src/task50_pou.o
                0x20000048                task50Counter
 .bss.blink500ms
                0x20000049        0x1 ./Src/task50_pou.o
                0x20000049                blink500ms
 .bss.blink1000ms
                0x2000004a        0x1 ./Src/task50_pou.o
                0x2000004a                blink1000ms
 *fill*         0x2000004b        0x1 
 .bss.usart1_buf
                0x2000004c       0x2d ./Src/usart_lib.o
                0x2000004c                usart1_buf
 *fill*         0x20000079        0x3 
 .bss.usart2_buf
                0x2000007c       0x2d ./Src/usart_lib.o
                0x2000007c                usart2_buf
 *fill*         0x200000a9        0x3 
 .bss.usart6_buf
                0x200000ac       0x2d ./Src/usart_lib.o
                0x200000ac                usart6_buf
 *fill*         0x200000d9        0x3 
 .bss.usart1_recData
                0x200000dc       0x15 ./Src/usart_lib.o
                0x200000dc                usart1_recData
 *fill*         0x200000f1        0x3 
 .bss.usart2_recData
                0x200000f4       0x15 ./Src/usart_lib.o
                0x200000f4                usart2_recData
 *fill*         0x20000109        0x3 
 .bss.usart6_recData
                0x2000010c       0x15 ./Src/usart_lib.o
                0x2000010c                usart6_recData
 *(COMMON)
                0x20000124                        . = ALIGN (0x4)
 *fill*         0x20000121        0x3 
                0x20000124                        _ebss = .
                0x20000124                        __bss_end__ = _ebss

._user_heap_stack
                0x20000124      0x604 load address 0x08000b88
                0x20000128                        . = ALIGN (0x8)
 *fill*         0x20000124        0x4 
                [!provide]                        PROVIDE (end = .)
                0x20000128                        PROVIDE (_end = .)
                0x20000328                        . = (. + _Min_Heap_Size)
 *fill*         0x20000128      0x200 
                0x20000728                        . = (. + _Min_Stack_Size)
 *fill*         0x20000328      0x400 
                0x20000728                        . = ALIGN (0x8)

/DISCARD/
 libc.a(*)
 libm.a(*)
 libgcc.a(*)

.ARM.attributes
                0x00000000       0x30
 *(.ARM.attributes)
 .ARM.attributes
                0x00000000       0x22 C:/ST/STM32CubeIDE_1.15.1/STM32CubeIDE/plugins/com.st.stm32cube.ide.mcu.externaltools.gnu-tools-for-stm32.12.3.rel1.win32_1.0.100.202403111256/tools/bin/../lib/gcc/arm-none-eabi/12.3.1/thumb/v7e-m+fp/hard/crti.o
 .ARM.attributes
                0x00000022       0x34 C:/ST/STM32CubeIDE_1.15.1/STM32CubeIDE/plugins/com.st.stm32cube.ide.mcu.externaltools.gnu-tools-for-stm32.12.3.rel1.win32_1.0.100.202403111256/tools/bin/../lib/gcc/arm-none-eabi/12.3.1/thumb/v7e-m+fp/hard/crtbegin.o
 .ARM.attributes
                0x00000056       0x34 ./Src/custom_systick.o
 .ARM.attributes
                0x0000008a       0x34 ./Src/main.o
 .ARM.attributes
                0x000000be       0x34 ./Src/task100_pou.o
 .ARM.attributes
                0x000000f2       0x34 ./Src/task50_pou.o
 .ARM.attributes
                0x00000126       0x34 ./Src/usart_lib.o
 .ARM.attributes
                0x0000015a       0x21 ./Startup/startup_stm32f411ceux.o
 .ARM.attributes
                0x0000017b       0x34 C:/ST/STM32CubeIDE_1.15.1/STM32CubeIDE/plugins/com.st.stm32cube.ide.mcu.externaltools.gnu-tools-for-stm32.12.3.rel1.win32_1.0.100.202403111256/tools/bin/../lib/gcc/arm-none-eabi/12.3.1/../../../../arm-none-eabi/lib/thumb/v7e-m+fp/hard\libc_nano.a(libc_a-init.o)
 .ARM.attributes
                0x000001af       0x22 C:/ST/STM32CubeIDE_1.15.1/STM32CubeIDE/plugins/com.st.stm32cube.ide.mcu.externaltools.gnu-tools-for-stm32.12.3.rel1.win32_1.0.100.202403111256/tools/bin/../lib/gcc/arm-none-eabi/12.3.1/thumb/v7e-m+fp/hard/crtn.o
OUTPUT(F411CEU6_Demo.elf elf32-littlearm)
LOAD linker stubs
LOAD C:/ST/STM32CubeIDE_1.15.1/STM32CubeIDE/plugins/com.st.stm32cube.ide.mcu.externaltools.gnu-tools-for-stm32.12.3.rel1.win32_1.0.100.202403111256/tools/bin/../lib/gcc/arm-none-eabi/12.3.1/../../../../arm-none-eabi/lib/thumb/v7e-m+fp/hard\libc.a
LOAD C:/ST/STM32CubeIDE_1.15.1/STM32CubeIDE/plugins/com.st.stm32cube.ide.mcu.externaltools.gnu-tools-for-stm32.12.3.rel1.win32_1.0.100.202403111256/tools/bin/../lib/gcc/arm-none-eabi/12.3.1/../../../../arm-none-eabi/lib/thumb/v7e-m+fp/hard\libm.a
LOAD C:/ST/STM32CubeIDE_1.15.1/STM32CubeIDE/plugins/com.st.stm32cube.ide.mcu.externaltools.gnu-tools-for-stm32.12.3.rel1.win32_1.0.100.202403111256/tools/bin/../lib/gcc/arm-none-eabi/12.3.1/thumb/v7e-m+fp/hard\libgcc.a

.debug_info     0x00000000     0x1212
 .debug_info    0x00000000      0x1a0 ./Src/custom_systick.o
 .debug_info    0x000001a0      0x7aa ./Src/main.o
 .debug_info    0x0000094a      0x212 ./Src/task100_pou.o
 .debug_info    0x00000b5c      0x1a3 ./Src/task50_pou.o
 .debug_info    0x00000cff      0x4e3 ./Src/usart_lib.o
 .debug_info    0x000011e2       0x30 ./Startup/startup_stm32f411ceux.o

.debug_abbrev   0x00000000      0x6c4
 .debug_abbrev  0x00000000       0xf8 ./Src/custom_systick.o
 .debug_abbrev  0x000000f8      0x1fd ./Src/main.o
 .debug_abbrev  0x000002f5      0x120 ./Src/task100_pou.o
 .debug_abbrev  0x00000415       0xc7 ./Src/task50_pou.o
 .debug_abbrev  0x000004dc      0x1c4 ./Src/usart_lib.o
 .debug_abbrev  0x000006a0       0x24 ./Startup/startup_stm32f411ceux.o

.debug_aranges  0x00000000      0x168
 .debug_aranges
                0x00000000       0x38 ./Src/custom_systick.o
 .debug_aranges
                0x00000038       0x38 ./Src/main.o
 .debug_aranges
                0x00000070       0x30 ./Src/task100_pou.o
 .debug_aranges
                0x000000a0       0x28 ./Src/task50_pou.o
 .debug_aranges
                0x000000c8       0x78 ./Src/usart_lib.o
 .debug_aranges
                0x00000140       0x28 ./Startup/startup_stm32f411ceux.o

.debug_rnglists
                0x00000000       0xf7
 .debug_rnglists
                0x00000000       0x26 ./Src/custom_systick.o
 .debug_rnglists
                0x00000026       0x27 ./Src/main.o
 .debug_rnglists
                0x0000004d       0x1f ./Src/task100_pou.o
 .debug_rnglists
                0x0000006c       0x19 ./Src/task50_pou.o
 .debug_rnglists
                0x00000085       0x59 ./Src/usart_lib.o
 .debug_rnglists
                0x000000de       0x19 ./Startup/startup_stm32f411ceux.o

.debug_macro    0x00000000     0xe272
 .debug_macro   0x00000000       0xf0 ./Src/custom_systick.o
 .debug_macro   0x000000f0      0xaba ./Src/custom_systick.o
 .debug_macro   0x00000baa       0x28 ./Src/custom_systick.o
 .debug_macro   0x00000bd2       0x22 ./Src/custom_systick.o
 .debug_macro   0x00000bf4       0x8e ./Src/custom_systick.o
 .debug_macro   0x00000c82       0x51 ./Src/custom_systick.o
 .debug_macro   0x00000cd3      0x103 ./Src/custom_systick.o
 .debug_macro   0x00000dd6       0x6a ./Src/custom_systick.o
 .debug_macro   0x00000e40      0x1df ./Src/custom_systick.o
 .debug_macro   0x0000101f       0x1c ./Src/custom_systick.o
 .debug_macro   0x0000103b       0x22 ./Src/custom_systick.o
 .debug_macro   0x0000105d       0xfb ./Src/custom_systick.o
 .debug_macro   0x00001158     0x1011 ./Src/custom_systick.o
 .debug_macro   0x00002169      0x11f ./Src/custom_systick.o
 .debug_macro   0x00002288     0xb953 ./Src/custom_systick.o
 .debug_macro   0x0000dbdb       0x22 ./Src/custom_systick.o
 .debug_macro   0x0000dbfd      0x115 ./Src/main.o
 .debug_macro   0x0000dd12      0x189 ./Src/main.o
 .debug_macro   0x0000de9b       0xef ./Src/task100_pou.o
 .debug_macro   0x0000df8a       0xd2 ./Src/task50_pou.o
 .debug_macro   0x0000e05c      0x1b5 ./Src/usart_lib.o
 .debug_macro   0x0000e211       0x61 ./Src/usart_lib.o

.debug_line     0x00000000     0x22e2
 .debug_line    0x00000000      0x63b ./Src/custom_systick.o
 .debug_line    0x0000063b      0x709 ./Src/main.o
 .debug_line    0x00000d44      0x605 ./Src/task100_pou.o
 .debug_line    0x00001349      0x5d0 ./Src/task50_pou.o
 .debug_line    0x00001919      0x94e ./Src/usart_lib.o
 .debug_line    0x00002267       0x7b ./Startup/startup_stm32f411ceux.o

.debug_str      0x00000000    0x53316
 .debug_str     0x00000000    0x4f61b ./Src/custom_systick.o
                              0x4f792 (size before relaxing)
 .debug_str     0x0004f61b      0x8a6 ./Src/main.o
                              0x50008 (size before relaxing)
 .debug_str     0x0004fec1       0x5c ./Src/task100_pou.o
                              0x4faa1 (size before relaxing)
 .debug_str     0x0004ff1d       0x47 ./Src/task50_pou.o
                              0x4f719 (size before relaxing)
 .debug_str     0x0004ff64     0x3373 ./Src/usart_lib.o
                              0x52e03 (size before relaxing)
 .debug_str     0x000532d7       0x3f ./Startup/startup_stm32f411ceux.o
                                 0xa6 (size before relaxing)

.comment        0x00000000       0x43
 .comment       0x00000000       0x43 ./Src/custom_systick.o
                                 0x44 (size before relaxing)
 .comment       0x00000043       0x44 ./Src/main.o
 .comment       0x00000043       0x44 ./Src/task100_pou.o
 .comment       0x00000043       0x44 ./Src/task50_pou.o
 .comment       0x00000043       0x44 ./Src/usart_lib.o

.debug_frame    0x00000000      0x3d0
 .debug_frame   0x00000000       0x8c ./Src/custom_systick.o
 .debug_frame   0x0000008c       0x9c ./Src/main.o
 .debug_frame   0x00000128       0x6c ./Src/task100_pou.o
 .debug_frame   0x00000194       0x50 ./Src/task50_pou.o
 .debug_frame   0x000001e4      0x1c0 ./Src/usart_lib.o
 .debug_frame   0x000003a4       0x2c C:/ST/STM32CubeIDE_1.15.1/STM32CubeIDE/plugins/com.st.stm32cube.ide.mcu.externaltools.gnu-tools-for-stm32.12.3.rel1.win32_1.0.100.202403111256/tools/bin/../lib/gcc/arm-none-eabi/12.3.1/../../../../arm-none-eabi/lib/thumb/v7e-m+fp/hard\libc_nano.a(libc_a-init.o)

.debug_line_str
                0x00000000       0x8a
 .debug_line_str
                0x00000000       0x8a ./Startup/startup_stm32f411ceux.o
