17:25:51 **** Incremental Build of configuration Debug for project F411CEU6_Demo ****
make -j20 all 
arm-none-eabi-gcc "../Src/main.c" -mcpu=cortex-m4 -std=gnu11 -g3 -DDEBUG -DSTM32 -DSTM32F4 -DSTM32F411CEUx -c -I../Inc -I"C:/Users/bhadula.kishor/BACKUP_DATA/Personal/STM32_TUTS/PROJECTS/PROJECT_2/CHIP_Headers/CMSIS/Device/ST/STM32F4xx/Include" -I"C:/Users/bhadula.kishor/BACKUP_DATA/Personal/STM32_TUTS/PROJECTS/PROJECT_2/CHIP_Headers/CMSIS/Include" -O0 -ffunction-sections -fdata-sections -Wall -fstack-usage -fcyclomatic-complexity -MMD -MP -MF"Src/main.d" -MT"Src/main.o" --specs=nano.specs -mfpu=fpv4-sp-d16 -mfloat-abi=hard -mthumb -o "Src/main.o"
arm-none-eabi-gcc -o "F411CEU6_Demo.elf" @"objects.list"   -mcpu=cortex-m4 -T"C:\Users\bhadula.kishor\BACKUP_DATA\Personal\STM32_TUTS\PROJECTS\PROJECT_2\Project\F411CEU6_Demo\STM32F411CEUX_FLASH.ld" --specs=nosys.specs -Wl,-Map="F411CEU6_Demo.map" -Wl,--gc-sections -static --specs=nano.specs -mfpu=fpv4-sp-d16 -mfloat-abi=hard -mthumb -Wl,--start-group -lc -lm -Wl,--end-group
Finished building target: F411CEU6_Demo.elf
 
arm-none-eabi-size  F411CEU6_Demo.elf 
arm-none-eabi-objdump -h -S F411CEU6_Demo.elf  > "F411CEU6_Demo.list"
   text	   data	    bss	    dec	    hex	filename
   2920	     32	   1800	   4752	   1290	F411CEU6_Demo.elf
Finished building: default.size.stdout
 
Finished building: F411CEU6_Demo.list
 

17:25:52 Build Finished. 0 errors, 0 warnings. (took 448ms)

