18:18:55 **** Incremental Build of configuration Debug for project LED_TEST_PROGRAM ****
make -j20 all 
arm-none-eabi-gcc "../Src/main.c" -mcpu=cortex-m4 -std=gnu11 -g3 -DDEBUG -DSTM32 -DSTM32F4 -DSTM32F411CEUx -c -I../Inc -I"C:/Users/bhadula.kishor/BACKUP_DATA/Personal/STM32_TUTS/PROJECTS/PROJECT_2/CHIP_Headers/CMSIS/Device/ST/STM32F4xx/Include" -I"C:/Users/bhadula.kishor/BACKUP_DATA/Personal/STM32_TUTS/PROJECTS/PROJECT_2/CHIP_Headers/CMSIS/Include" -O0 -ffunction-sections -fdata-sections -Wall -fstack-usage -fcyclomatic-complexity -MMD -MP -MF"Src/main.d" -MT"Src/main.o" --specs=nano.specs -mfpu=fpv4-sp-d16 -mfloat-abi=hard -mthumb -o "Src/main.o"
arm-none-eabi-gcc -o "LED_TEST_PROGRAM.elf" @"objects.list"   -mcpu=cortex-m4 -T"C:\Users\bhadula.kishor\BACKUP_DATA\Personal\STM32_TUTS\PROJECTS\PROJECT_2\Project\LED_TEST_PROGRAM\STM32F411CEUX_FLASH.ld" --specs=nosys.specs -Wl,-Map="LED_TEST_PROGRAM.map" -Wl,--gc-sections -static --specs=nano.specs -mfpu=fpv4-sp-d16 -mfloat-abi=hard -mthumb -Wl,--start-group -lc -lm -Wl,--end-group
Finished building target: LED_TEST_PROGRAM.elf
 
arm-none-eabi-size  LED_TEST_PROGRAM.elf 
arm-none-eabi-objdump -h -S LED_TEST_PROGRAM.elf  > "LED_TEST_PROGRAM.list"
   text	   data	    bss	    dec	    hex	filename
   1940	      4	   1708	   3652	    e44	LED_TEST_PROGRAM.elf
Finished building: default.size.stdout
 
Finished building: LED_TEST_PROGRAM.list
 

18:18:56 Build Finished. 0 errors, 0 warnings. (took 455ms)

